2024-01-15 08:00:01 INFO Application started successfully
2024-01-15 08:00:05 INFO User login: user_id=1001, username=alice
2024-01-15 08:01:23 INFO Database connection established
2024-01-15 08:02:45 WARNING High memory usage detected: 85%
2024-01-15 08:03:12 INFO User login: user_id=1002, username=bob
2024-01-15 08:05:30 ERROR Failed to connect to payment gateway: timeout
2024-01-15 08:05:31 WARNING Retrying payment gateway connection
2024-01-15 08:05:35 INFO Payment gateway connection restored
2024-01-15 08:07:22 INFO User logout: user_id=1001, username=alice
2024-01-15 08:08:45 ERROR Database query failed: table 'orders' not found
2024-01-15 08:09:10 WARNING Disk space low: 92% used on /var
2024-01-15 08:10:33 INFO User login: user_id=1003, username=charlie
2024-01-15 08:12:15 ERROR Authentication service unavailable
2024-01-15 08:12:16 ERROR Authentication service unavailable
2024-01-15 08:12:17 ERROR Authentication service unavailable
2024-01-15 08:12:18 ERROR Authentication service unavailable
2024-01-15 08:13:00 WARNING Cache miss rate exceeding threshold: 45%
2024-01-15 08:14:22 INFO Scheduled backup completed
2024-01-15 08:15:40 INFO User logout: user_id=1002, username=bob
2024-01-15 08:16:55 ERROR Network connection lost
2024-01-15 08:17:10 INFO Network connection restored
